Archive member included to satisfy reference by file (symbol)

/opt/riscv/lib/gcc/riscv32-unknown-elf/12.1.0/libgcc.a(muldi3.o)
                              counter_la.elf-matmul.o (__mulsi3)

Memory Configuration

Name             Origin             Length             Attributes
vexriscv_debug   0x00000000f00f0000 0x0000000000000100
dff              0x0000000000000000 0x0000000000000400
dff2             0x0000000000000400 0x0000000000000200
flash            0x0000000010000000 0x0000000001000000
mprj             0x0000000030000000 0x0000000000100000
mm               0x0000000038000000 0x0000000000000200
mprjram          0x0000000038000200 0x0000000000000600
hk               0x0000000026000000 0x0000000000100000
csr              0x00000000f0000000 0x0000000000010000
*default*        0x0000000000000000 0xffffffffffffffff

Linker script and memory map

                0x0000000000000000                __DYNAMIC = 0x0

.text           0x0000000010000000      0x6e8
                0x0000000010000000                _ftext = .
 *crt0*(.text)
 .text          0x0000000010000000      0x154 counter_la.elf-crt0_vex.o
                0x0000000010000000                _start
                0x0000000010000020                trap_entry
 *crt0*(.text)
 *(.text.isr)
 *(.text .stub .text.* .gnu.linkonce.t.*)
 .text          0x0000000010000154       0xb8 counter_la.elf-isr.o
                0x00000000100001b4                isr
 .text          0x000000001000020c        0x0 counter_la.elf-adder.o
 .text          0x000000001000020c        0x0 counter_la.elf-matmul.o
 .text          0x000000001000020c      0x4b8 counter_la.elf-counter_la.o
                0x0000000010000244                putchar
                0x00000000100002ac                print
                0x0000000010000300                main
 .text          0x00000000100006c4       0x24 /opt/riscv/lib/gcc/riscv32-unknown-elf/12.1.0/libgcc.a(muldi3.o)
                0x00000000100006c4                __mulsi3
                0x00000000100006e8                _etext = .

.rela.dyn       0x00000000100006e8        0x0
 .rela.text     0x00000000100006e8        0x0 counter_la.elf-crt0_vex.o

.rodata         0x00000000100006e8        0x0
                0x00000000100006e8                . = ALIGN (0x8)
 *fill*         0x00000000100006e8        0x0 
                0x00000000100006e8                _frodata = .
 *(.rodata .rodata.* .gnu.linkonce.r.*)
 *(.rodata1)
                0x00000000100006e8                . = ALIGN (0x8)
                0x00000000100006e8                _erodata = .

.data           0x0000000038000200       0xa8 load address 0x00000000100006e8
                0x0000000038000200                . = ALIGN (0x8)
                0x0000000038000200                _fdata = .
 *(.data .data.* .gnu.linkonce.d.*)
 .data          0x0000000038000200        0x0 counter_la.elf-crt0_vex.o
 .data          0x0000000038000200        0x0 counter_la.elf-isr.o
 .data          0x0000000038000200       0x28 counter_la.elf-adder.o
                0x0000000038000200                Number
 .data          0x0000000038000228       0x80 counter_la.elf-matmul.o
                0x0000000038000228                A
                0x0000000038000268                B
 .data          0x00000000380002a8        0x0 counter_la.elf-counter_la.o
 .data          0x00000000380002a8        0x0 /opt/riscv/lib/gcc/riscv32-unknown-elf/12.1.0/libgcc.a(muldi3.o)
 *(.data1)
                0x00000000380002b0                _gp = ALIGN (0x10)
 *(.sdata .sdata.* .gnu.linkonce.s.*)
                0x00000000380002a8                . = ALIGN (0x8)
                0x00000000380002a8                _edata = .

.bss            0x00000000380002a8       0x48 load address 0x0000000010000790
                0x00000000380002a8                . = ALIGN (0x8)
                0x00000000380002a8                _fbss = .
 *(.dynsbss)
 *(.sbss .sbss.* .gnu.linkonce.sb.*)
 .sbss          0x00000000380002a8        0x2 counter_la.elf-isr.o
                0x00000000380002a8                flag
 *(.scommon)
 *(.dynbss)
 *(.bss .bss.* .gnu.linkonce.b.*)
 .bss           0x00000000380002aa        0x0 counter_la.elf-crt0_vex.o
 .bss           0x00000000380002aa        0x0 counter_la.elf-isr.o
 .bss           0x00000000380002aa        0x0 counter_la.elf-adder.o
 *fill*         0x00000000380002aa        0x2 
 .bss           0x00000000380002ac       0x40 counter_la.elf-matmul.o
                0x00000000380002ac                result
 .bss           0x00000000380002ec        0x0 counter_la.elf-counter_la.o
 .bss           0x00000000380002ec        0x0 /opt/riscv/lib/gcc/riscv32-unknown-elf/12.1.0/libgcc.a(muldi3.o)
 *(COMMON)
                0x00000000380002f0                . = ALIGN (0x8)
 *fill*         0x00000000380002ec        0x4 
                0x00000000380002f0                _ebss = .
                0x00000000380002f0                _end = .

.mm             0x0000000038000000      0x194 load address 0x0000000010000790
                0x0000000038000000                . = ALIGN (0x8)
                0x0000000038000000                _fsram = .
 .mm            0x0000000038000000       0x68 counter_la.elf-adder.o
                0x0000000038000000                adder
 .mm            0x0000000038000068      0x12c counter_la.elf-matmul.o
                0x0000000038000068                matmul
                0x0000000000000600                PROVIDE (_fstack = (ORIGIN (dff2) + LENGTH (dff2)))
                0x00000000100006e8                PROVIDE (_fdata_rom = LOADADDR (.data))
                [!provide]                        PROVIDE (_edata_rom = (LOADADDR (.data) + SIZEOF (.data)))
                0x0000000038000194                PROVIDE (_esram = (ORIGIN (mm) + SIZEOF (.mm)))
                0x0000000010000790                PROVIDE (_esram_rom = LOADADDR (.mm))
LOAD counter_la.elf-crt0_vex.o
LOAD counter_la.elf-isr.o
LOAD counter_la.elf-adder.o
LOAD counter_la.elf-matmul.o
LOAD counter_la.elf-counter_la.o
LOAD /opt/riscv/lib/gcc/riscv32-unknown-elf/12.1.0/libgcc.a
START GROUP
LOAD /opt/riscv/lib/gcc/riscv32-unknown-elf/12.1.0/../../../../riscv32-unknown-elf/lib/libc.a
LOAD /opt/riscv/lib/gcc/riscv32-unknown-elf/12.1.0/../../../../riscv32-unknown-elf/lib/libgloss.a
END GROUP
LOAD /opt/riscv/lib/gcc/riscv32-unknown-elf/12.1.0/libgcc.a
OUTPUT(counter_la.elf elf32-littleriscv)

.riscv.attributes
                0x0000000000000000       0x20
 .riscv.attributes
                0x0000000000000000       0x1e counter_la.elf-crt0_vex.o
 .riscv.attributes
                0x000000000000001e       0x20 counter_la.elf-isr.o
 .riscv.attributes
                0x000000000000003e       0x1c counter_la.elf-adder.o
 .riscv.attributes
                0x000000000000005a       0x1c counter_la.elf-matmul.o
 .riscv.attributes
                0x0000000000000076       0x1c counter_la.elf-counter_la.o
 .riscv.attributes
                0x0000000000000092       0x1a /opt/riscv/lib/gcc/riscv32-unknown-elf/12.1.0/libgcc.a(muldi3.o)

.comment        0x0000000000000000       0x1b
 .comment       0x0000000000000000       0x1b counter_la.elf-isr.o
                                         0x1c (size before relaxing)
 .comment       0x000000000000001b       0x1c counter_la.elf-adder.o
 .comment       0x000000000000001b       0x1c counter_la.elf-matmul.o
 .comment       0x000000000000001b       0x1c counter_la.elf-counter_la.o

.debug_line     0x0000000000000000      0x9c0
 .debug_line    0x0000000000000000      0x204 counter_la.elf-crt0_vex.o
 .debug_line    0x0000000000000204       0xd1 counter_la.elf-isr.o
 .debug_line    0x00000000000002d5       0xa7 counter_la.elf-adder.o
 .debug_line    0x000000000000037c      0x173 counter_la.elf-matmul.o
 .debug_line    0x00000000000004ef      0x457 counter_la.elf-counter_la.o
 .debug_line    0x0000000000000946       0x7a /opt/riscv/lib/gcc/riscv32-unknown-elf/12.1.0/libgcc.a(muldi3.o)

.debug_line_str
                0x0000000000000000      0x1a5
 .debug_line_str
                0x0000000000000000       0x52 counter_la.elf-crt0_vex.o
 .debug_line_str
                0x0000000000000052       0x6b counter_la.elf-isr.o
                                         0xf6 (size before relaxing)
 .debug_line_str
                0x00000000000000bd       0x1f counter_la.elf-adder.o
                                         0xae (size before relaxing)
 .debug_line_str
                0x00000000000000dc       0x21 counter_la.elf-matmul.o
                                         0xb2 (size before relaxing)
 .debug_line_str
                0x00000000000000fd       0x14 counter_la.elf-counter_la.o
                                         0xf9 (size before relaxing)
 .debug_line_str
                0x0000000000000111       0x94 /opt/riscv/lib/gcc/riscv32-unknown-elf/12.1.0/libgcc.a(muldi3.o)

.debug_info     0x0000000000000000      0x400
 .debug_info    0x0000000000000000       0x25 counter_la.elf-crt0_vex.o
 .debug_info    0x0000000000000025       0xed counter_la.elf-isr.o
 .debug_info    0x0000000000000112       0xa0 counter_la.elf-adder.o
 .debug_info    0x00000000000001b2       0xdc counter_la.elf-matmul.o
 .debug_info    0x000000000000028e      0x143 counter_la.elf-counter_la.o
 .debug_info    0x00000000000003d1       0x2f /opt/riscv/lib/gcc/riscv32-unknown-elf/12.1.0/libgcc.a(muldi3.o)

.debug_abbrev   0x0000000000000000      0x311
 .debug_abbrev  0x0000000000000000       0x14 counter_la.elf-crt0_vex.o
 .debug_abbrev  0x0000000000000014       0xa9 counter_la.elf-isr.o
 .debug_abbrev  0x00000000000000bd       0x92 counter_la.elf-adder.o
 .debug_abbrev  0x000000000000014f       0xbb counter_la.elf-matmul.o
 .debug_abbrev  0x000000000000020a       0xe6 counter_la.elf-counter_la.o
 .debug_abbrev  0x00000000000002f0       0x21 /opt/riscv/lib/gcc/riscv32-unknown-elf/12.1.0/libgcc.a(muldi3.o)

.debug_aranges  0x0000000000000000       0xc0
 .debug_aranges
                0x0000000000000000       0x20 counter_la.elf-crt0_vex.o
 .debug_aranges
                0x0000000000000020       0x20 counter_la.elf-isr.o
 .debug_aranges
                0x0000000000000040       0x20 counter_la.elf-adder.o
 .debug_aranges
                0x0000000000000060       0x20 counter_la.elf-matmul.o
 .debug_aranges
                0x0000000000000080       0x20 counter_la.elf-counter_la.o
 .debug_aranges
                0x00000000000000a0       0x20 /opt/riscv/lib/gcc/riscv32-unknown-elf/12.1.0/libgcc.a(muldi3.o)

.debug_str      0x0000000000000000      0x22b
 .debug_str     0x0000000000000000       0x5e counter_la.elf-crt0_vex.o
 .debug_str     0x000000000000005e       0xec counter_la.elf-isr.o
                                        0x125 (size before relaxing)
 .debug_str     0x000000000000014a       0x1d counter_la.elf-adder.o
                                         0x81 (size before relaxing)
 .debug_str     0x0000000000000167       0x14 counter_la.elf-matmul.o
                                         0x78 (size before relaxing)
 .debug_str     0x000000000000017b       0x13 counter_la.elf-counter_la.o
                                        0x12b (size before relaxing)
 .debug_str     0x000000000000018e       0x9d /opt/riscv/lib/gcc/riscv32-unknown-elf/12.1.0/libgcc.a(muldi3.o)
                                         0xa9 (size before relaxing)

.debug_frame    0x0000000000000000      0x1e0
 .debug_frame   0x0000000000000000       0xa4 counter_la.elf-isr.o
 .debug_frame   0x00000000000000a4       0x34 counter_la.elf-adder.o
 .debug_frame   0x00000000000000d8       0x38 counter_la.elf-matmul.o
 .debug_frame   0x0000000000000110       0xd0 counter_la.elf-counter_la.o

.debug_rnglists
                0x0000000000000000       0x2c
 .debug_rnglists
                0x0000000000000000       0x16 counter_la.elf-adder.o
 .debug_rnglists
                0x0000000000000016       0x16 counter_la.elf-matmul.o
